{
  "version": "1.4.0",
  "plugins_used": [
    {
      "name": "ArtifactoryDetector"
    },
    {
      "name": "AWSKeyDetector"
    },
    {
      "name": "AzureStorageKeyDetector"
    },
    {
      "name": "Base64HighEntropyString",
      "limit": 4.5
    },
    {
      "name": "BasicAuthDetector"
    },
    {
      "name": "CloudantDetector"
    },
    {
      "name": "DiscordBotTokenDetector"
    },
    {
      "name": "GitHubTokenDetector"
    },
    {
      "name": "HexHighEntropyString",
      "limit": 3.0
    },
    {
      "name": "IbmCloudIamDetector"
    },
    {
      "name": "IbmCosHmacDetector"
    },
    {
      "name": "JwtTokenDetector"
    },
    {
      "name": "KeywordDetector",
      "keyword_exclude": ""
    },
    {
      "name": "MailchimpDetector"
    },
    {
      "name": "NpmDetector"
    },
    {
      "name": "PrivateKeyDetector"
    },
    {
      "name": "SendGridDetector"
    },
    {
      "name": "SlackDetector"
    },
    {
      "name": "SoftlayerDetector"
    },
    {
      "name": "SquareOAuthDetector"
    },
    {
      "name": "StripeDetector"
    },
    {
      "name": "TwilioKeyDetector"
    }
  ],
  "filters_used": [
    {
      "path": "detect_secrets.filters.allowlist.is_line_allowlisted"
    },
    {
      "path": "detect_secrets.filters.common.is_baseline_file",
      "filename": ".secrets.baseline"
    },
    {
      "path": "detect_secrets.filters.common.is_ignored_due_to_verification_policies",
      "min_level": 2
    },
    {
      "path": "detect_secrets.filters.heuristic.is_indirect_reference"
    },
    {
      "path": "detect_secrets.filters.heuristic.is_likely_id_string"
    },
    {
      "path": "detect_secrets.filters.heuristic.is_lock_file"
    },
    {
      "path": "detect_secrets.filters.heuristic.is_not_alphanumeric_string"
    },
    {
      "path": "detect_secrets.filters.heuristic.is_potential_uuid"
    },
    {
      "path": "detect_secrets.filters.heuristic.is_prefixed_with_dollar_sign"
    },
    {
      "path": "detect_secrets.filters.heuristic.is_sequential_string"
    },
    {
      "path": "detect_secrets.filters.heuristic.is_swagger_file"
    },
    {
      "path": "detect_secrets.filters.heuristic.is_templated_secret"
    },
    {
      "path": "detect_secrets.filters.regex.should_exclude_line",
      "pattern": [
        "^\\s*SecretArn: ",
        "^\\s*dynatraceSecretArn: ",
        "^\\s*\"requiresApiKey\":\\s?\""
      ]
    },
    {
      "path": "detect_secrets.filters.regex.should_exclude_secret",
      "pattern": [
        "^1f9d73167e2166b707c6$",
        "(?i)dummyapikey",
        "(?i)test-secret",
        "^x-api-key$",
        "(?i)^apikey$",
        "(?i)^test_api_key$",
        "(?i)^test_basic_auth_secret$",
        "(?i)^test_authorisation_code$",
        "E9ZzuOoqcVU4pVB9rpmTzezjyOPRlOmPGJHKi8RSlIM",
        "KlTMZthHZUkYz5AleTQ8jff0TJiS3q2OB9L5Fw4xA04",
        "OXt0P05ZsQcK7eYusgIPsqZdaBCIJiW4imwUtnaAthU",
        "RBXnILIdExUEWUJMlYeD6agE8u9gGgA3InKrd5TKhhY",
        "kKtt9v_xq9oqvv5_E8AHcV77IYQfyNwaTQyTYxdO_UM",
        "vyapkvJXLwpYRJjbkQD99V2gcPEUKrO3dwjcAA9TPkLucQEZvYZvb7-wfSHxlvJlJcdS20r5PKKmqdPeW3Y4ir3WsVVeiht2iOZUreUO5O3V3o7ImvEjPS_2_ZKMHCwUf51a6WGOaDjO87OX_bluV2dp01n-E3kiIl6RmWCVywjn13fX3jsX0LMCM_bt3HofJqiYhhNymEwh39oR_D7EE5sLUii2XvpTYPa6L_uPwdKa4vRl4h4owrWEJaJifMorGcvqhCK1JOHqgknN_3cb_ns9Px6ynQCeFXvBDJy4q71clkBq_EZs5227Y1S222wXIwUYN8w5YORQe3M-pCIh1Q"
      ]
    }
  ],
  "results": {},
  "generated_at": "2024-08-01T13:58:21Z"
}
